// Jest Snapshot v1, https://goo.gl/fbAQLP

exports[`Post 1`] = `
<div
  class="reader-container"
  role="article"
>
  <div
    class="reader-empty"
  >
    <div>
      <img
        alt="homura"
        src="test-file-stub"
      />
    </div>
  </div>
</div>
`;

exports[`Post 2`] = `
<div
  class="reader-container"
  role="article"
>
  <div
    class="reader-empty"
  >
    <div>
      <img
        alt="homura"
        src="test-file-stub"
      />
    </div>
  </div>
</div>
`;

exports[`Post 3`] = `
<div
  class="reader-container"
  role="article"
>
  <div
    class="flex justify-end"
    role="group"
  >
    <div
      class="inline-flex my-1 mr-1 text-gray-800"
    >
      <div
        aria-label="Mark as starred"
        class="p-2  py-1"
        role="button"
        tabindex="0"
      >
        <div
          class="w-5 h-5 m-auto  "
        >
          <svg
            fill="currentColor"
            viewBox="0 0 20 20"
            xmlns="http://www.w3.org/2000/svg"
          >
            <path
              d="M9.049 2.927c.3-.921 1.603-.921 1.902 0l1.07 3.292a1 1 0 00.95.69h3.462c.969 0 1.371 1.24.588 1.81l-2.8 2.034a1 1 0 00-.364 1.118l1.07 3.292c.3.921-.755 1.688-1.54 1.118l-2.8-2.034a1 1 0 00-1.175 0l-2.8 2.034c-.784.57-1.838-.197-1.539-1.118l1.07-3.292a1 1 0 00-.364-1.118L2.98 8.72c-.783-.57-.38-1.81.588-1.81h3.461a1 1 0 00.951-.69l1.07-3.292z"
            />
          </svg>
        </div>
      </div>
      <div
        aria-label="Mark as unread"
        class="p-2  py-1"
        role="button"
        tabindex="0"
      >
        <div
          class="w-5 h-5 m-auto  "
        >
          <svg
            fill="none"
            stroke="currentColor"
            viewBox="0 0 24 24"
            xmlns="http://www.w3.org/2000/svg"
          >
            <path
              d="M3 8l7.89 5.26a2 2 0 002.22 0L21 8M5 19h14a2 2 0 002-2V7a2 2 0 00-2-2H5a2 2 0 00-2 2v10a2 2 0 002 2z"
              stroke-linecap="round"
              stroke-linejoin="round"
              stroke-width="2"
            />
          </svg>
        </div>
      </div>
      <div
        aria-label="Open in browser"
        class="p-2  py-1"
        role="button"
        tabindex="0"
      >
        <div
          class="w-5 h-5 m-auto  "
        >
          <svg
            fill="none"
            stroke="currentColor"
            viewBox="0 0 24 24"
            xmlns="http://www.w3.org/2000/svg"
          >
            <path
              d="M8.684 13.342C8.886 12.938 9 12.482 9 12c0-.482-.114-.938-.316-1.342m0 2.684a3 3 0 110-2.684m0 2.684l6.632 3.316m-6.632-6l6.632-3.316m0 0a3 3 0 105.367-2.684 3 3 0 00-5.367 2.684zm0 9.316a3 3 0 105.368 2.684 3 3 0 00-5.368-2.684z"
              stroke-linecap="round"
              stroke-linejoin="round"
              stroke-width="2"
            />
          </svg>
        </div>
      </div>
    </div>
  </div>
  <div
    class="thin-scroll"
  >
    <div
      class="reader-post"
    >
      <hgroup>
        <small>
          Invalid DateTime
        </small>
        <div>
          test-source-name-1
        </div>
        <h1>
          test-title-1
        </h1>
      </hgroup>
      <main>
        fake-content
      </main>
    </div>
  </div>
</div>
`;
